[nogold.gg/index.html]
[nogold.gg/_next/static/media/c9a5bc6a7c948fb0-s.p.woff2]
[nogold.gg/_next/static/css/9d21a2fd7e32ffb2.css]
[nogold.gg/_next/static/css/b30489573339f853.css]
[nogold.gg/_next/static/css/2f71e0d51b6954c9.css]
[nogold.gg/_next/static/chunks/polyfills-78c92fac7aa8fdd8.js]
[nogold.gg/_next/static/chunks/webpack-552c8292b0e9cafb.js]
[nogold.gg/_next/static/chunks/framework-0e8d27528ba61906.js]
[nogold.gg/_next/static/chunks/main-5dda643e1c9274cd.js]
[nogold.gg/_next/static/chunks/pages/_app-51987641695f73be.js]
[nogold.gg/_next/static/chunks/ea88be26-375858f3cf93f50c.js]
[nogold.gg/_next/static/chunks/59ae3659-2383fe8d2886f737.js]
[nogold.gg/_next/static/chunks/8466-414597040aa4d932.js]
[nogold.gg/_next/static/chunks/6824-b32961cf0e198a51.js]
[nogold.gg/_next/static/chunks/pages/index-be916805ef4fd809.js]
[nogold.gg/_next/static/gj53cemKoge5_nF51UuRu/_buildManifest.js]
[backblue.gif]
[fade.gif]
[index.html]
[nogold.gg/_next/static/gj53cemKoge5_nF51UuRu/_ssgManifest.js]
[nogold.gg/index.html]
[cdnjs.cloudflare.com/ajax/libs/flowbite/2.3.0/flowbite.min.css]
[nogold.gg/_next/static/media/huggable.79668b3f.ttf]
[nogold.gg/backgrounds/BACKGROUND.svg]
[nogold.gg/ui/shadow_button.png]
[nogold.gg/_next/static/css/9d21a2fd7e32ffb2.css]
[nogold.gg/_next/static/css/b30489573339f853.css]
[nogold.gg/_next/static/media/ec159349637c90ad-s.woff2]
[nogold.gg/_next/static/media/513657b02c5c193f-s.woff2]
[nogold.gg/_next/static/media/fd4db3eb5472fc27-s.woff2]
[nogold.gg/_next/static/media/51ed15f9841b9f9d-s.woff2]
[nogold.gg/_next/static/media/05a31a2ca4975f99-s.woff2]
[nogold.gg/_next/static/media/d6b16ce4a6175f26-s.woff2]
[nogold.gg/_next/static/css/2f71e0d51b6954c9.css]
[flowbite.s3.amazonaws.com/docs/jumbotron/conference.jpg]
[cdnjs.cloudflare.com/ajax/libs/flowbite/2.3.0/flowbite.min.css]
[nogold.gg/backgrounds/BACKGROUND.svg]
